// Jest Snapshot v1, https://goo.gl/fbAQLP

exports[`passes arbitrary props to node 1`] = `
<div
  className="foo"
/>
`;
