// Jest Snapshot v1, https://goo.gl/fbAQLP

exports[`SectionSelect should render children 1`] = `
<select
  className="headers"
  onChange={[Function]}
  value=""
>
  <option
    value=""
  />
  <option
    key="p"
    value="p"
  >
    P
  </option>
</select>
`;
